// Jest Snapshot v1, https://goo.gl/fbAQLP

exports[`BLEA-FSI-BASE ControlTower Stacks GuestOsaAccount Stacks 1`] = `
Object {
  "Parameters": Object {
    "BootstrapVersion": Object {
      "Default": "/cdk-bootstrap/hnb659fds/version",
      "Description": "Version of the CDK Bootstrap resources in this environment, automatically retrieved from SSM Parameter Store. [cdk:skip]",
      "Type": "AWS::SSM::Parameter::Value<String>",
    },
  },
  "Resources": Object {
    "ConfigStackSet": Object {
      "Properties": Object {
        "AdministrationRoleARN": Object {
          "Fn::Join": Array [
            "",
            Array [
              "arn:aws:iam::",
              Object {
                "Ref": "AWS::AccountId",
              },
              ":role/service-role/AWSControlTowerStackSetRole",
            ],
          ],
        },
        "Capabilities": Array [
          "CAPABILITY_IAM",
        ],
        "ExecutionRoleName": "AWSControlTowerExecution",
        "PermissionModel": "SELF_MANAGED",
        "StackInstancesGroup": Array [
          Object {
            "DeploymentTargets": Object {
              "Accounts": Array [
                "12345",
              ],
            },
            "Regions": Array [
              "ap-northeast-3",
            ],
          },
        ],
        "StackSetName": "BLEAFSI-ConfigStackSet",
        "TemplateBody": "Resources:
  ConfigRoleF94F46B6:
    Type: AWS::IAM::Role
    Properties:
      AssumeRolePolicyDocument:
        Statement:
          - Action: sts:AssumeRole
            Effect: Allow
            Principal:
              Service: config.amazonaws.com
        Version: '2012-10-17'
      ManagedPolicyArns:
        - Fn::Join:
            - ''
            - - 'arn:'
              - Ref: AWS::Partition
              - :iam::aws:policy/service-role/AWS_ConfigRole
      Tags:
        - Key: Environment
          Value: audit
    Metadata:
      aws:cdk:path: BLEA-FSI-BASE-Config/ConfigRole/Resource
  ConfigRecorder:
    Type: AWS::Config::ConfigurationRecorder
    Properties:
      RoleARN:
        Fn::GetAtt:
          - ConfigRoleF94F46B6
          - Arn
      RecordingGroup:
        AllSupported: true
        IncludeGlobalResourceTypes: true
    Metadata:
      aws:cdk:path: BLEA-FSI-BASE-Config/ConfigRecorder
  ConfigDeliveryChannel:
    Type: AWS::Config::DeliveryChannel
    Properties:
      S3BucketName: blea-fsi-base-s3bucket-logsbucketxxxx-xxxx
    Metadata:
      aws:cdk:path: BLEA-FSI-BASE-Config/ConfigDeliveryChannel
Parameters:
  BootstrapVersion:
    Type: AWS::SSM::Parameter::Value<String>
    Default: /cdk-bootstrap/hnb659fds/version
    Description: Version of the CDK Bootstrap resources in this environment, automatically retrieved from SSM Parameter Store. [cdk:skip]
Rules:
  CheckBootstrapVersion:
    Assertions:
      - Assert:
          Fn::Not:
            - Fn::Contains:
                - - '1'
                  - '2'
                  - '3'
                  - '4'
                  - '5'
                - Ref: BootstrapVersion
        AssertDescription: CDK bootstrap stack version 6 required. Please run 'cdk bootstrap' with a recent version of the CDK CLI.
",
      },
      "Type": "AWS::CloudFormation::StackSet",
    },
  },
  "Rules": Object {
    "CheckBootstrapVersion": Object {
      "Assertions": Array [
        Object {
          "Assert": Object {
            "Fn::Not": Array [
              Object {
                "Fn::Contains": Array [
                  Array [
                    "1",
                    "2",
                    "3",
                    "4",
                    "5",
                  ],
                  Object {
                    "Ref": "BootstrapVersion",
                  },
                ],
              },
            ],
          },
          "AssertDescription": "CDK bootstrap stack version 6 required. Please run 'cdk bootstrap' with a recent version of the CDK CLI.",
        },
      ],
    },
  },
}
`;
