// Jest Snapshot v1, https://goo.gl/fbAQLP

exports[`BLEA-FSI-BASE ControlTower Stacks GuestOsa3Account Stacks 1`] = `
Object {
  "Parameters": Object {
    "BootstrapVersion": Object {
      "Default": "/cdk-bootstrap/hnb659fds/version",
      "Description": "Version of the CDK Bootstrap resources in this environment, automatically retrieved from SSM Parameter Store. [cdk:skip]",
      "Type": "AWS::SSM::Parameter::Value<String>",
    },
  },
  "Resources": Object {
    "ConfigDeliveryChannel": Object {
      "Properties": Object {
        "S3BucketName": "dummy bucket",
      },
      "Type": "AWS::Config::DeliveryChannel",
    },
    "ConfigRecorder": Object {
      "Properties": Object {
        "RecordingGroup": Object {
          "AllSupported": true,
          "IncludeGlobalResourceTypes": true,
        },
        "RoleARN": Object {
          "Fn::GetAtt": Array [
            "ConfigRoleF94F46B6",
            "Arn",
          ],
        },
      },
      "Type": "AWS::Config::ConfigurationRecorder",
    },
    "ConfigRoleF94F46B6": Object {
      "Properties": Object {
        "AssumeRolePolicyDocument": Object {
          "Statement": Array [
            Object {
              "Action": "sts:AssumeRole",
              "Effect": "Allow",
              "Principal": Object {
                "Service": "config.amazonaws.com",
              },
            },
          ],
          "Version": "2012-10-17",
        },
        "ManagedPolicyArns": Array [
          Object {
            "Fn::Join": Array [
              "",
              Array [
                "arn:",
                Object {
                  "Ref": "AWS::Partition",
                },
                ":iam::aws:policy/service-role/AWS_ConfigRole",
              ],
            ],
          },
        ],
      },
      "Type": "AWS::IAM::Role",
    },
  },
  "Rules": Object {
    "CheckBootstrapVersion": Object {
      "Assertions": Array [
        Object {
          "Assert": Object {
            "Fn::Not": Array [
              Object {
                "Fn::Contains": Array [
                  Array [
                    "1",
                    "2",
                    "3",
                    "4",
                    "5",
                  ],
                  Object {
                    "Ref": "BootstrapVersion",
                  },
                ],
              },
            ],
          },
          "AssertDescription": "CDK bootstrap stack version 6 required. Please run 'cdk bootstrap' with a recent version of the CDK CLI.",
        },
      ],
    },
  },
}
`;
