// Jest Snapshot v1, https://goo.gl/fbAQLP

exports[`BLEA-FSI-BASE ControlTower Stacks Guest2Account Stacks 1`] = `
Object {
  "Parameters": Object {
    "BootstrapVersion": Object {
      "Default": "/cdk-bootstrap/hnb659fds/version",
      "Description": "Version of the CDK Bootstrap resources in this environment, automatically retrieved from SSM Parameter Store. [cdk:skip]",
      "Type": "AWS::SSM::Parameter::Value<String>",
    },
  },
  "Resources": Object {
    "CloudTrailA62D711D": Object {
      "DependsOn": Array [
        "CloudTrailLogsRoleDefaultPolicyD9019B15",
        "CloudTrailLogsRole9F6E6663",
      ],
      "Properties": Object {
        "CloudWatchLogsLogGroupArn": Object {
          "Fn::GetAtt": Array [
            "CloudTrailLogGroup343A29D6",
            "Arn",
          ],
        },
        "CloudWatchLogsRoleArn": Object {
          "Fn::GetAtt": Array [
            "CloudTrailLogsRole9F6E6663",
            "Arn",
          ],
        },
        "EnableLogFileValidation": true,
        "EventSelectors": Array [
          Object {
            "DataResources": Array [
              Object {
                "Type": "AWS::S3::Object",
                "Values": Array [
                  Object {
                    "Fn::Join": Array [
                      "",
                      Array [
                        "arn:",
                        Object {
                          "Ref": "AWS::Partition",
                        },
                        ":s3:::dummy-bucket/",
                      ],
                    ],
                  },
                ],
              },
            ],
            "IncludeManagementEvents": false,
            "ReadWriteType": "All",
          },
        ],
        "IncludeGlobalServiceEvents": true,
        "IsLogging": true,
        "IsMultiRegionTrail": true,
        "KMSKeyId": "arn:aws:kms:ap-northeast-1:701111111111:key/11111111-1111-2222-3333-123456789012",
        "S3BucketName": "dummy-bucket",
        "TrailName": "s3-dataevent-trail",
      },
      "Type": "AWS::CloudTrail::Trail",
    },
    "CloudTrailLogGroup343A29D6": Object {
      "DeletionPolicy": "Retain",
      "Properties": Object {
        "RetentionInDays": 14,
      },
      "Type": "AWS::Logs::LogGroup",
      "UpdateReplacePolicy": "Retain",
    },
    "CloudTrailLogsRole9F6E6663": Object {
      "Properties": Object {
        "AssumeRolePolicyDocument": Object {
          "Statement": Array [
            Object {
              "Action": "sts:AssumeRole",
              "Effect": "Allow",
              "Principal": Object {
                "Service": "cloudtrail.amazonaws.com",
              },
            },
          ],
          "Version": "2012-10-17",
        },
      },
      "Type": "AWS::IAM::Role",
    },
    "CloudTrailLogsRoleDefaultPolicyD9019B15": Object {
      "Properties": Object {
        "PolicyDocument": Object {
          "Statement": Array [
            Object {
              "Action": Array [
                "logs:PutLogEvents",
                "logs:CreateLogStream",
              ],
              "Effect": "Allow",
              "Resource": Object {
                "Fn::GetAtt": Array [
                  "CloudTrailLogGroup343A29D6",
                  "Arn",
                ],
              },
            },
          ],
          "Version": "2012-10-17",
        },
        "PolicyName": "CloudTrailLogsRoleDefaultPolicyD9019B15",
        "Roles": Array [
          Object {
            "Ref": "CloudTrailLogsRole9F6E6663",
          },
        ],
      },
      "Type": "AWS::IAM::Policy",
    },
  },
  "Rules": Object {
    "CheckBootstrapVersion": Object {
      "Assertions": Array [
        Object {
          "Assert": Object {
            "Fn::Not": Array [
              Object {
                "Fn::Contains": Array [
                  Array [
                    "1",
                    "2",
                    "3",
                    "4",
                    "5",
                  ],
                  Object {
                    "Ref": "BootstrapVersion",
                  },
                ],
              },
            ],
          },
          "AssertDescription": "CDK bootstrap stack version 6 required. Please run 'cdk bootstrap' with a recent version of the CDK CLI.",
        },
      ],
    },
  },
}
`;
